Starting pipeline with workflows: load_input_documents, create_base_text_units, create_final_documents, extract_graph_nlp, prune_graph, finalize_graph
Starting workflow: load_input_documents

Workflow complete: load_input_documents
Starting workflow: create_base_text_units
  1 / 27 
  2 / 27 
  3 / 27 ..
  4 / 27 ......
  5 / 27 ..........
  6 / 27 .............
  7 / 27 .................
  8 / 27 .....................
  9 / 27 ........................
  10 / 27 ...........................
  11 / 27 ...............................
  12 / 27 ..................................
  13 / 27 ......................................
  14 / 27 ..........................................
  15 / 27 ..............................................
  16 / 27 .................................................
  17 / 27 .....................................................
  18 / 27 .........................................................
  19 / 27 ............................................................
  20 / 27 ................................................................
  21 / 27 ....................................................................
  22 / 27 .......................................................................
  23 / 27 ...........................................................................
  24 / 27 ...............................................................................
  25 / 27 ...................................................................................
  26 / 27 ......................................................................................
  27 / 27 ..........................................................................................
Workflow complete: create_base_text_units
Starting workflow: create_final_documents

Workflow complete: create_final_documents
Starting workflow: extract_graph_nlp

Workflow complete: extract_graph_nlp
Starting workflow: prune_graph

Workflow complete: prune_graph
Starting workflow: finalize_graph

Workflow complete: finalize_graph
Pipeline complete
